Tue Sep 15 05:10:34 UTC 2026 - TBH update
Wed Sep 16 05:06:14 UTC 2026 - TBH update
Thu Sep 17 05:09:12 UTC 2026 - TBH update
Fri Sep 18 05:02:25 UTC 2026 - TBH update
Sat Sep 19 04:54:03 UTC 2026 - TBH update
Sun Sep 20 05:15:19 UTC 2026 - TBH update
Mon Sep 21 05:18:20 UTC 2026 - TBH update
Tue Sep 22 05:16:23 UTC 2026 - TBH update
Wed Sep 23 05:01:49 UTC 2026 - TBH update
Thu Sep 24 05:12:54 UTC 2026 - TBH update
Fri Sep 25 05:14:35 UTC 2026 - TBH update
Sat Sep 26 05:21:19 UTC 2026 - TBH update
Sun Sep 27 05:36:21 UTC 2026 - TBH update
Mon Sep 28 05:44:08 UTC 2026 - TBH update
Tue Sep 29 06:01:39 UTC 2026 - TBH update
Wed Sep 30 05:50:32 UTC 2026 - TBH update
Thu Oct  1 06:23:57 UTC 2026 - TBH update
Fri Oct  2 06:01:25 UTC 2026 - TBH update
Sat Oct  3 05:36:35 UTC 2026 - TBH update
Sun Oct  4 06:13:14 UTC 2026 - TBH update
